Modules list:
-------------
main.o:
    CODE              Offs=000000  Size=0003D9  Align=00001  Fill=0000
    RODATA            Offs=000000  Size=000073  Align=00001  Fill=0000
    BSS               Offs=000000  Size=0000C3  Align=00001  Fill=0000
sprite.o:
    CODE              Offs=0003D9  Size=000330  Align=00001  Fill=0000
    BSS               Offs=0000C3  Size=000006  Align=00001  Fill=0000
/Users/rje/git/cc65/lib/cx16.lib(_cursor.o):
    BSS               Offs=0000C9  Size=000001  Align=00001  Fill=0000
/Users/rje/git/cc65/lib/cx16.lib(_oserror.o):
    BSS               Offs=0000CA  Size=000001  Align=00001  Fill=0000
/Users/rje/git/cc65/lib/cx16.lib(addeqsp.o):
    CODE              Offs=000709  Size=000011  Align=00001  Fill=0000
/Users/rje/git/cc65/lib/cx16.lib(addysp.o):
    CODE              Offs=00071A  Size=00000E  Align=00001  Fill=0000
/Users/rje/git/cc65/lib/cx16.lib(aslax1.o):
    CODE              Offs=000728  Size=000008  Align=00001  Fill=0000
/Users/rje/git/cc65/lib/cx16.lib(aslax2.o):
    CODE              Offs=000730  Size=00000B  Align=00001  Fill=0000
/Users/rje/git/cc65/lib/cx16.lib(aslax3.o):
    CODE              Offs=00073B  Size=00000E  Align=00001  Fill=0000
/Users/rje/git/cc65/lib/cx16.lib(aslax4.o):
    CODE              Offs=000749  Size=000011  Align=00001  Fill=0000
/Users/rje/git/cc65/lib/cx16.lib(asrax1.o):
    CODE              Offs=00075A  Size=00000A  Align=00001  Fill=0000
/Users/rje/git/cc65/lib/cx16.lib(asrax4.o):
    CODE              Offs=000764  Size=000019  Align=00001  Fill=0000
/Users/rje/git/cc65/lib/cx16.lib(c_bsout.o):
/Users/rje/git/cc65/lib/cx16.lib(c_load.o):
    CODE              Offs=00077D  Size=00001D  Align=00001  Fill=0000
/Users/rje/git/cc65/lib/cx16.lib(c_setlfs.o):
    CODE              Offs=00079A  Size=00000E  Align=00001  Fill=0000
/Users/rje/git/cc65/lib/cx16.lib(c_setnam.o):
    CODE              Offs=0007A8  Size=000013  Align=00001  Fill=0000
/Users/rje/git/cc65/lib/cx16.lib(callmain.o):
    CODE              Offs=0007BB  Size=000017  Align=00001  Fill=0000
    DATA              Offs=000000  Size=000004  Align=00001  Fill=0000
/Users/rje/git/cc65/lib/cx16.lib(cgetc.o):
    CODE              Offs=0007D2  Size=000067  Align=00001  Fill=0000
/Users/rje/git/cc65/lib/cx16.lib(clrscr.o):
    CODE              Offs=000839  Size=000011  Align=00001  Fill=0000
/Users/rje/git/cc65/lib/cx16.lib(color.o):
    CODE              Offs=00084A  Size=00002A  Align=00001  Fill=0000
/Users/rje/git/cc65/lib/cx16.lib(condes.o):
    CODE              Offs=000874  Size=00000C  Align=00001  Fill=0000
    DATA              Offs=000004  Size=000025  Align=00001  Fill=0000
    ONCE              Offs=000000  Size=00000C  Align=00001  Fill=0000
/Users/rje/git/cc65/lib/cx16.lib(cputc.o):
    CODE              Offs=000880  Size=000062  Align=00001  Fill=0000
    RODATA            Offs=000073  Size=000008  Align=00001  Fill=0000
/Users/rje/git/cc65/lib/cx16.lib(cputs.o):
    CODE              Offs=0008E2  Size=000023  Align=00001  Fill=0000
/Users/rje/git/cc65/lib/cx16.lib(crt0.o):
    STARTUP           Offs=000000  Size=000021  Align=00001  Fill=0000
    ONCE              Offs=00000C  Size=00001B  Align=00001  Fill=0000
    INIT              Offs=000000  Size=000002  Align=00001  Fill=0000
/Users/rje/git/cc65/lib/cx16.lib(decsp4.o):
    CODE              Offs=000905  Size=00000D  Align=00001  Fill=0000
/Users/rje/git/cc65/lib/cx16.lib(exehdr.o):
    EXEHDR            Offs=000000  Size=00000C  Align=00001  Fill=0000
/Users/rje/git/cc65/lib/cx16.lib(gotoxy.o):
    CODE              Offs=000912  Size=00000F  Align=00001  Fill=0000
/Users/rje/git/cc65/lib/cx16.lib(incax2.o):
    CODE              Offs=000921  Size=000007  Align=00001  Fill=0000
/Users/rje/git/cc65/lib/cx16.lib(incax6.o):
    CODE              Offs=000928  Size=000005  Align=00001  Fill=0000
/Users/rje/git/cc65/lib/cx16.lib(incaxy.o):
    CODE              Offs=00092D  Size=00000B  Align=00001  Fill=0000
/Users/rje/git/cc65/lib/cx16.lib(incsp1.o):
    CODE              Offs=000938  Size=000007  Align=00001  Fill=0000
/Users/rje/git/cc65/lib/cx16.lib(incsp2.o):
    CODE              Offs=00093F  Size=000015  Align=00001  Fill=0000
/Users/rje/git/cc65/lib/cx16.lib(incsp3.o):
    CODE              Offs=000954  Size=000005  Align=00001  Fill=0000
/Users/rje/git/cc65/lib/cx16.lib(incsp4.o):
    CODE              Offs=000959  Size=000005  Align=00001  Fill=0000
/Users/rje/git/cc65/lib/cx16.lib(incsp6.o):
    CODE              Offs=00095E  Size=000005  Align=00001  Fill=0000
/Users/rje/git/cc65/lib/cx16.lib(incsp8.o):
    CODE              Offs=000963  Size=000005  Align=00001  Fill=0000
/Users/rje/git/cc65/lib/cx16.lib(kbhit.o):
    CODE              Offs=000968  Size=000005  Align=00001  Fill=0000
/Users/rje/git/cc65/lib/cx16.lib(kernal.o):
/Users/rje/git/cc65/lib/cx16.lib(ldai.o):
    CODE              Offs=00096D  Size=00000C  Align=00001  Fill=0000
/Users/rje/git/cc65/lib/cx16.lib(ldaxi.o):
    CODE              Offs=000979  Size=00000D  Align=00001  Fill=0000
/Users/rje/git/cc65/lib/cx16.lib(ldaxsp.o):
    CODE              Offs=000986  Size=000009  Align=00001  Fill=0000
/Users/rje/git/cc65/lib/cx16.lib(loadaddr.o):
    LOADADDR          Offs=000000  Size=000002  Align=00001  Fill=0000
/Users/rje/git/cc65/lib/cx16.lib(mod.o):
    CODE              Offs=00098F  Size=000011  Align=00001  Fill=0000
/Users/rje/git/cc65/lib/cx16.lib(mul8.o):
    CODE              Offs=0009A0  Size=00003A  Align=00001  Fill=0000
/Users/rje/git/cc65/lib/cx16.lib(negabs.o):
    CODE              Offs=0009DA  Size=000012  Align=00001  Fill=0000
/Users/rje/git/cc65/lib/cx16.lib(popa.o):
    CODE              Offs=0009EC  Size=00000A  Align=00001  Fill=0000
/Users/rje/git/cc65/lib/cx16.lib(popptr1.o):
    CODE              Offs=0009F6  Size=00000E  Align=00001  Fill=0000
/Users/rje/git/cc65/lib/cx16.lib(pusha.o):
    CODE              Offs=000A04  Size=000016  Align=00001  Fill=0000
/Users/rje/git/cc65/lib/cx16.lib(pushax.o):
    CODE              Offs=000A1A  Size=00001A  Align=00001  Fill=0000
/Users/rje/git/cc65/lib/cx16.lib(pushwsp.o):
    CODE              Offs=000A34  Size=00001C  Align=00001  Fill=0000
/Users/rje/git/cc65/lib/cx16.lib(rand.o):
    CODE              Offs=000A50  Size=000034  Align=00001  Fill=0000
    DATA              Offs=000029  Size=000004  Align=00001  Fill=0000
/Users/rje/git/cc65/lib/cx16.lib(randomize.o):
    CODE              Offs=000A84  Size=000006  Align=00001  Fill=0000
/Users/rje/git/cc65/lib/cx16.lib(shelp.o):
    CODE              Offs=000A8A  Size=000020  Align=00001  Fill=0000
/Users/rje/git/cc65/lib/cx16.lib(shrax1.o):
    CODE              Offs=000AAA  Size=000008  Align=00001  Fill=0000
/Users/rje/git/cc65/lib/cx16.lib(shrax4.o):
    CODE              Offs=000AB2  Size=000011  Align=00001  Fill=0000
/Users/rje/git/cc65/lib/cx16.lib(sprites_enable.o):
    CODE              Offs=000AC3  Size=00001F  Align=00001  Fill=0000
/Users/rje/git/cc65/lib/cx16.lib(staxsp.o):
    CODE              Offs=000AE2  Size=00000B  Align=00001  Fill=0000
/Users/rje/git/cc65/lib/cx16.lib(staxspi.o):
    CODE              Offs=000AED  Size=00001A  Align=00001  Fill=0000
/Users/rje/git/cc65/lib/cx16.lib(udiv.o):
    CODE              Offs=000B07  Size=00004F  Align=00001  Fill=0000
/Users/rje/git/cc65/lib/cx16.lib(zerobss.o):
    CODE              Offs=000B56  Size=000023  Align=00001  Fill=0000
/Users/rje/git/cc65/lib/cx16.lib(zeropage.o):
    ZEROPAGE          Offs=000000  Size=00001A  Align=00001  Fill=0000


Segment list:
-------------
Name                   Start     End    Size  Align
----------------------------------------------------
ZEROPAGE              000022  00003B  00001A  00001
LOADADDR              0007FF  000800  000002  00001
EXEHDR                000801  00080C  00000C  00001
STARTUP               00080D  00082D  000021  00001
CODE                  00082E  0013A6  000B79  00001
RODATA                0013A7  001421  00007B  00001
DATA                  001422  00144E  00002D  00001
INIT                  00144F  001450  000002  00001
BSS                   001451  00151B  0000CB  00001
ONCE                  001451  001477  000027  00001


Exports list by name:
---------------------
BSOUT                     00FFD2 RLA    CHROUT                    00FFD2 RLA    
ENTROPY_GET               00FECF RLA    GETIN                     00FFE4 RLA    
KBDBUF_PEEK               00FEBD RLA    LOAD                      00FFD5 RLA    
PLOT                      00FFF0 RLA    SETLFS                    00FFBA RLA    
SETNAM                    00FFBD RLA    __BSS_RUN__               001451 RLA    
__BSS_SIZE__              0000CB REA    __CONSTRUCTOR_COUNT__     000000 REA    
__CONSTRUCTOR_TABLE__     001478 RLA    __DESTRUCTOR_COUNT__      000000 REA    
__DESTRUCTOR_TABLE__      001422 RLA    __EXEHDR__                000001 REA    
__HEADER_LAST__           00080D RLA    __HIMEM__                 009F00 REA    
__LOADADDR__              000001 REA    __MAIN_SIZE__             0096F3 REA    
__MAIN_START__            00080D RLA    __ONCE_RUN__              001451 RLA    
__STACKSIZE__             000800 REA    __STARTUP__               000001 REA    
__oserror                 00151B RLA    __randomize               0012B2 RLA    
_cbm_k_bsout              00FFD2 RLA    _cbm_k_load               000FAB RLA    
_cbm_k_setlfs             000FC8 RLA    _cbm_k_setnam             000FD6 RLA    
_cgetc                    001000 RLA    _clrscr                   001067 RLA    
_cputc                    0010B3 RLA    _cputs                    00111A RLA    
_cputsxy                  001110 RLA    _gotoxy                   001143 RLA    
_kbhit                    001196 RLA    _main                     000C01 RLA    
_rand                     00128A RLA    _sprite_define            000C30 RLA    
_sprite_loadToVERA        000C07 RLA    _srand                    00127E RLA    
_textcolor                001078 RLA    _vera_sprites_enable      0012F1 RLA    
addeq0sp                  000F37 RLA    addeqysp                  000F39 RLA    
addysp                    000F49 RLA    aslax1                    000F56 RLA    
aslax2                    000F5E RLA    aslax3                    000F69 RLA    
aslax4                    000F77 RLA    asrax1                    000F88 RLA    
asrax4                    000F92 RLA    callmain                  000FE9 RLA    
cursor                    00151A RLA    decsp4                    001133 RLA    
donelib                   0010A2 RLA    gotoxy                    001140 RLA    
incax2                    00114F RLA    incax6                    001156 RLA    
incaxy                    00115D RLA    incsp1                    001166 RLA    
incsp2                    001174 RLA    incsp3                    001182 RLA    
incsp4                    001187 RLA    incsp6                    00118C RLA    
incsp8                    001191 RLA    initlib                   001451 RLA    
ldaidx                    00119B RLA    ldax0sp                   0011B4 RLA    
ldaxi                     0011A7 RLA    ldaxidx                   0011A9 RLA    
ldaxysp                   0011B6 RLA    negax                     00120C RLA    
plot                      0010DF RLA    popa                      00121A RLA    
popax                     00116D RLA    popptr1                   001224 RLA    
popsargsudiv16            0012B8 RLA    ptr1                      00002A RLZ    
ptr4                      000030 RLZ    pusha                     001236 RLA    
pushax                    00124C RLA    pushwysp                  001264 RLA    
shrax1                    0012D8 RLA    shrax4                    0012E0 RLA    
sp                        000022 RLZ    sreg                      000024 RLZ    
stax0sp                   001310 RLA    staxspidx                 00131B RLA    
staxysp                   001312 RLA    tmp1                      000032 RLZ    
tmp2                      000033 RLZ    tosmoda0                  0011BD RLA    
tosmula0                  0011CE RLA    udiv16                    001346 RLA    
zerobss                   001384 RLA    


Exports list by value:
----------------------
__DESTRUCTOR_COUNT__      000000 REA    __CONSTRUCTOR_COUNT__     000000 REA    
__LOADADDR__              000001 REA    __STARTUP__               000001 REA    
__EXEHDR__                000001 REA    sp                        000022 RLZ    
sreg                      000024 RLZ    ptr1                      00002A RLZ    
ptr4                      000030 RLZ    tmp1                      000032 RLZ    
tmp2                      000033 RLZ    __BSS_SIZE__              0000CB REA    
__STACKSIZE__             000800 REA    __MAIN_START__            00080D RLA    
__HEADER_LAST__           00080D RLA    _main                     000C01 RLA    
_sprite_loadToVERA        000C07 RLA    _sprite_define            000C30 RLA    
addeq0sp                  000F37 RLA    addeqysp                  000F39 RLA    
addysp                    000F49 RLA    aslax1                    000F56 RLA    
aslax2                    000F5E RLA    aslax3                    000F69 RLA    
aslax4                    000F77 RLA    asrax1                    000F88 RLA    
asrax4                    000F92 RLA    _cbm_k_load               000FAB RLA    
_cbm_k_setlfs             000FC8 RLA    _cbm_k_setnam             000FD6 RLA    
callmain                  000FE9 RLA    _cgetc                    001000 RLA    
_clrscr                   001067 RLA    _textcolor                001078 RLA    
donelib                   0010A2 RLA    _cputc                    0010B3 RLA    
plot                      0010DF RLA    _cputsxy                  001110 RLA    
_cputs                    00111A RLA    decsp4                    001133 RLA    
gotoxy                    001140 RLA    _gotoxy                   001143 RLA    
incax2                    00114F RLA    incax6                    001156 RLA    
incaxy                    00115D RLA    incsp1                    001166 RLA    
popax                     00116D RLA    incsp2                    001174 RLA    
incsp3                    001182 RLA    incsp4                    001187 RLA    
incsp6                    00118C RLA    incsp8                    001191 RLA    
_kbhit                    001196 RLA    ldaidx                    00119B RLA    
ldaxi                     0011A7 RLA    ldaxidx                   0011A9 RLA    
ldax0sp                   0011B4 RLA    ldaxysp                   0011B6 RLA    
tosmoda0                  0011BD RLA    tosmula0                  0011CE RLA    
negax                     00120C RLA    popa                      00121A RLA    
popptr1                   001224 RLA    pusha                     001236 RLA    
pushax                    00124C RLA    pushwysp                  001264 RLA    
_srand                    00127E RLA    _rand                     00128A RLA    
__randomize               0012B2 RLA    popsargsudiv16            0012B8 RLA    
shrax1                    0012D8 RLA    shrax4                    0012E0 RLA    
_vera_sprites_enable      0012F1 RLA    stax0sp                   001310 RLA    
staxysp                   001312 RLA    staxspidx                 00131B RLA    
udiv16                    001346 RLA    zerobss                   001384 RLA    
__DESTRUCTOR_TABLE__      001422 RLA    __BSS_RUN__               001451 RLA    
__ONCE_RUN__              001451 RLA    initlib                   001451 RLA    
__CONSTRUCTOR_TABLE__     001478 RLA    cursor                    00151A RLA    
__oserror                 00151B RLA    __MAIN_SIZE__             0096F3 REA    
__HIMEM__                 009F00 REA    KBDBUF_PEEK               00FEBD RLA    
ENTROPY_GET               00FECF RLA    SETLFS                    00FFBA RLA    
SETNAM                    00FFBD RLA    BSOUT                     00FFD2 RLA    
CHROUT                    00FFD2 RLA    _cbm_k_bsout              00FFD2 RLA    
LOAD                      00FFD5 RLA    GETIN                     00FFE4 RLA    
PLOT                      00FFF0 RLA    


Imports list:
-------------
BSOUT (kernal.o):
    c_bsout.o                 cbm/cbm.inc:49
CHROUT (kernal.o):
    crt0.o                    cx16/crt0.s:10
    clrscr.o                  cx16/clrscr.s:10
    c_bsout.o                 cbm/cbm.inc:50
ENTROPY_GET (kernal.o):
    randomize.o               cx16/randomize.s:10
GETIN (kernal.o):
    cgetc.o                   cx16/cgetc.s:10
KBDBUF_PEEK (kernal.o):
    kbhit.o                   cx16/kbhit.s:10
LOAD (kernal.o):
    c_load.o                  cbm/cbm.inc:37
PLOT (kernal.o):
    cputc.o                   cx16/cputc.s:11
SETLFS (kernal.o):
    c_setlfs.o                cbm/cbm.inc:33
SETNAM (kernal.o):
    c_setnam.o                cbm/cbm.inc:34
__BSS_RUN__ ([linker generated]):
    zerobss.o                 common/zerobss.s:8
__BSS_SIZE__ ([linker generated]):
    zerobss.o                 common/zerobss.s:8
__CONSTRUCTOR_COUNT__ ([linker generated]):
    condes.o                  runtime/condes.s:18
__CONSTRUCTOR_TABLE__ ([linker generated]):
    condes.o                  runtime/condes.s:18
__DESTRUCTOR_COUNT__ ([linker generated]):
    condes.o                  runtime/condes.s:19
__DESTRUCTOR_TABLE__ ([linker generated]):
    condes.o                  runtime/condes.s:19
__EXEHDR__ (exehdr.o):
    [linker generated]        /Users/rje/git/cc65/cfg/cx16.cfg:6
__HEADER_LAST__ ([linker generated]):
    [linker generated]        /Users/rje/git/cc65/cfg/cx16.cfg:14
    [linker generated]        /Users/rje/git/cc65/cfg/cx16.cfg:14
__HIMEM__ ([linker generated]):
    [linker generated]        /Users/rje/git/cc65/cfg/cx16.cfg:15
    [linker generated]        /Users/rje/git/cc65/cfg/cx16.cfg:14
__LOADADDR__ (loadaddr.o):
    [linker generated]        /Users/rje/git/cc65/cfg/cx16.cfg:5
__MAIN_SIZE__ ([linker generated]):
    crt0.o                    cx16/crt0.s:11
__MAIN_START__ ([linker generated]):
    crt0.o                    cx16/crt0.s:11
__ONCE_RUN__ ([linker generated]):
    [linker generated]        /Users/rje/git/cc65/cfg/cx16.cfg:15
    [linker generated]        /Users/rje/git/cc65/cfg/cx16.cfg:15
__STACKSIZE__ ([linker generated]):
    [linker generated]        /Users/rje/git/cc65/cfg/cx16.cfg:15
__STARTUP__ (crt0.o):
    main.o                    main.s:13
__oserror (_oserror.o):
    c_load.o                  cbm/c_load.s:10
__randomize (randomize.o):
    main.o                    main.s:15
_cbm_k_bsout (c_bsout.o):
    main.o                    main.s:17
_cbm_k_load (c_load.o):
    sprite.o                  sprite.s:13
    main.o                    main.s:18
_cbm_k_setlfs (c_setlfs.o):
    sprite.o                  sprite.s:14
    main.o                    main.s:19
_cbm_k_setnam (c_setnam.o):
    sprite.o                  sprite.s:15
    main.o                    main.s:20
_cgetc (cgetc.o):
    main.o                    main.s:25
_clrscr (clrscr.o):
    main.o                    main.s:21
_cputc (cputc.o):
    cputs.o                   conio/cputs.s:9
_cputs (cputs.o):
    main.o                    main.s:23
_cputsxy (cputs.o):
    main.o                    main.s:24
_gotoxy (gotoxy.o):
    main.o                    main.s:22
_kbhit (kbhit.o):
    cgetc.o                   cx16/cgetc.s:10
_main (main.o):
    callmain.o                runtime/callmain.s:11
_rand (rand.o):
    main.o                    main.s:14
_sprite_define (sprite.o):
    main.o                    main.s:28
_sprite_loadToVERA (sprite.o):
    main.o                    main.s:27
_srand (rand.o):
    randomize.o               cx16/randomize.s:10
_textcolor (color.o):
    main.o                    main.s:26
_vera_sprites_enable (sprites_enable.o):
    main.o                    main.s:16
addeq0sp (addeqsp.o):
    sprite.o                  sprite.s:503
addeqysp (addeqsp.o):
    main.o                    main.s:656
addysp (addysp.o):
    incsp8.o                  runtime/incsp8.s:8
    incsp6.o                  runtime/incsp6.s:8
    incsp4.o                  runtime/incsp4.s:8
    incsp3.o                  runtime/incsp3.s:8
aslax1 (aslax1.o):
    main.o                    main.s:656
    main.o                    main.s:656
aslax2 (aslax2.o):
    main.o                    main.s:656
    main.o                    main.s:656
aslax3 (aslax3.o):
    sprite.o                  sprite.s:503
    sprite.o                  sprite.s:503
    sprite.o                  sprite.s:503
    sprite.o                  sprite.s:503
    sprite.o                  sprite.s:503
aslax4 (aslax4.o):
    main.o                    main.s:656
    main.o                    main.s:656
    main.o                    main.s:656
asrax1 (asrax1.o):
    sprite.o                  sprite.s:503
    sprite.o                  sprite.s:503
asrax4 (asrax4.o):
    sprite.o                  sprite.s:503
    sprite.o                  sprite.s:503
callmain (callmain.o):
    crt0.o                    cx16/crt0.s:9
cursor (_cursor.o):
    cgetc.o                   cx16/cgetc.s:10
decsp4 (decsp4.o):
    main.o                    main.s:656
donelib (condes.o):
    crt0.o                    cx16/crt0.s:8
gotoxy (gotoxy.o):
    cputc.o                   cx16/cputc.s:11
    cputs.o                   conio/cputs.s:9
incax2 (incax2.o):
    sprite.o                  sprite.s:503
incax6 (incax6.o):
    sprite.o                  sprite.s:503
    sprite.o                  sprite.s:503
incaxy (incaxy.o):
    incax6.o                  runtime/incax6.s:8
    main.o                    main.s:656
incsp1 (incsp1.o):
    sprite.o                  sprite.s:503
incsp2 (incsp2.o):
    staxspi.o                 runtime/staxspi.s:9
    popptr1.o                 runtime/popptr1.s:8
    sprite.o                  sprite.s:503
    main.o                    main.s:656
incsp3 (incsp3.o):
    sprite.o                  sprite.s:503
    sprite.o                  sprite.s:503
    sprite.o                  sprite.s:503
    sprite.o                  sprite.s:503
incsp4 (incsp4.o):
    sprite.o                  sprite.s:503
    main.o                    main.s:656
incsp6 (incsp6.o):
    main.o                    main.s:656
incsp8 (incsp8.o):
    main.o                    main.s:656
initlib (condes.o):
    crt0.o                    cx16/crt0.s:8
ldaidx (ldai.o):
    sprite.o                  sprite.s:503
ldax0sp (ldaxsp.o):
    sprite.o                  sprite.s:503
    sprite.o                  sprite.s:503
    sprite.o                  sprite.s:503
    sprite.o                  sprite.s:503
    sprite.o                  sprite.s:503
    main.o                    main.s:656
    main.o                    main.s:656
    main.o                    main.s:656
ldaxi (ldaxi.o):
    sprite.o                  sprite.s:503
    sprite.o                  sprite.s:503
ldaxidx (ldaxi.o):
    sprite.o                  sprite.s:503
    sprite.o                  sprite.s:503
    main.o                    main.s:656
    main.o                    main.s:656
ldaxysp (ldaxsp.o):
    sprite.o                  sprite.s:503
    main.o                    main.s:656
    main.o                    main.s:656
    main.o                    main.s:656
negax (negabs.o):
    shelp.o                   runtime/shelp.s:11
    mod.o                     runtime/mod.s:11
plot (cputc.o):
    gotoxy.o                  cx16/gotoxy.s:9
popa (popa.o):
    gotoxy.o                  cx16/gotoxy.s:9
    c_setlfs.o                cbm/c_setlfs.s:12
    c_load.o                  cbm/c_load.s:11
popax (incsp2.o):
    shelp.o                   runtime/shelp.s:11
popptr1 (popptr1.o):
    udiv.o                    runtime/udiv.s:9
    mul8.o                    runtime/mul8.s:9
popsargsudiv16 (shelp.o):
    mod.o                     runtime/mod.s:11
ptr1 (zeropage.o):
    zerobss.o                 common/zerobss.s:9
    udiv.o                    runtime/udiv.s:10
    staxspi.o                 runtime/staxspi.s:10
    shelp.o                   runtime/shelp.s:12
    popptr1.o                 runtime/popptr1.s:9
    mul8.o                    runtime/mul8.s:10
    ldaxi.o                   runtime/ldaxi.s:8
    ldai.o                    runtime/ldai.s:8
    cputs.o                   conio/cputs.s:10
    c_setnam.o                cbm/c_setnam.s:10
    c_load.o                  cbm/c_load.s:12
    sprite.o                  sprite.s:11
    main.o                    main.s:11
ptr4 (zeropage.o):
    udiv.o                    runtime/udiv.s:10
    shelp.o                   runtime/shelp.s:12
    mul8.o                    runtime/mul8.s:10
pusha (pusha.o):
    sprite.o                  sprite.s:503
    sprite.o                  sprite.s:503
    main.o                    main.s:656
    main.o                    main.s:656
    main.o                    main.s:656
    main.o                    main.s:656
    main.o                    main.s:656
    main.o                    main.s:656
    main.o                    main.s:656
pushax (pushax.o):
    callmain.o                runtime/callmain.s:11
    sprite.o                  sprite.s:503
    sprite.o                  sprite.s:503
    sprite.o                  sprite.s:503
    sprite.o                  sprite.s:503
    sprite.o                  sprite.s:503
    sprite.o                  sprite.s:503
    main.o                    main.s:656
    main.o                    main.s:656
    main.o                    main.s:656
    main.o                    main.s:656
    main.o                    main.s:656
pushwysp (pushwsp.o):
    main.o                    main.s:656
    main.o                    main.s:656
    main.o                    main.s:656
shrax1 (shrax1.o):
    sprite.o                  sprite.s:503
    sprite.o                  sprite.s:503
shrax4 (shrax4.o):
    sprite.o                  sprite.s:503
    sprite.o                  sprite.s:503
sp (zeropage.o):
    addysp.o                  runtime/addysp.s:8
    staxspi.o                 runtime/staxspi.s:10
    staxsp.o                  runtime/staxsp.s:8
    pushwsp.o                 runtime/pushwsp.s:8
    pushax.o                  runtime/pushax.s:8
    pusha.o                   runtime/pusha.s:8
    popptr1.o                 runtime/popptr1.s:9
    popa.o                    runtime/popa.s:8
    ldaxsp.o                  runtime/ldaxsp.s:8
    incsp2.o                  runtime/incsp2.s:8
    incsp1.o                  runtime/incsp1.s:8
    decsp4.o                  runtime/decsp4.s:8
    crt0.o                    /Users/rje/git/cc65/asminc/zeropage.inc:11
    addeqsp.o                 runtime/addeqsp.s:8
    sprite.o                  sprite.s:10
    main.o                    main.s:10
sreg (zeropage.o):
    udiv.o                    runtime/udiv.s:10
    mod.o                     runtime/mod.s:12
    sprite.o                  sprite.s:10
    main.o                    main.s:10
stax0sp (staxsp.o):
    main.o                    main.s:656
staxspidx (staxspi.o):
    main.o                    main.s:656
    main.o                    main.s:656
staxysp (staxsp.o):
    main.o                    main.s:656
tmp1 (zeropage.o):
    staxspi.o                 runtime/staxspi.s:10
    shrax4.o                  runtime/shrax4.s:8
    shrax1.o                  runtime/shrax1.s:8
    shelp.o                   runtime/shelp.s:12
    mod.o                     runtime/mod.s:12
    incaxy.o                  runtime/incaxy.s:8
    cputs.o                   conio/cputs.s:10
    color.o                   cx16/color.s:11
    c_setlfs.o                cbm/c_setlfs.s:13
    asrax4.o                  runtime/asrax4.s:9
    asrax1.o                  runtime/asrax1.s:8
    aslax4.o                  runtime/aslax4.s:8
    aslax3.o                  runtime/aslax3.s:8
    aslax2.o                  runtime/aslax2.s:8
    aslax1.o                  runtime/aslax1.s:8
tmp2 (zeropage.o):
    shelp.o                   runtime/shelp.s:12
tosmoda0 (mod.o):
    main.o                    main.s:656
tosmula0 (mul8.o):
    main.o                    main.s:656
    main.o                    main.s:656
udiv16 (udiv.o):
    shelp.o                   runtime/shelp.s:11
zerobss (zerobss.o):
    crt0.o                    cx16/crt0.s:9

